// Jest Snapshot v1, https://goo.gl/fbAQLP

exports[`<RepoList /> should match default snapshot 1`] = `ShallowWrapper {}`;
