// Jest Snapshot v1, https://goo.gl/fbAQLP

exports[`<Navbar /> should match default snapshot 1`] = `ShallowWrapper {}`;
